// Jest Snapshot v1, https://goo.gl/fbAQLP

exports[`<BurgerBuilder/> should match to snapshot 1`] = `
Array [
  <div
    style={
      Object {
        "opacity": "0",
        "transform": "translateY(-100vh)",
      }
    }
  >
    <h3>
      Your Order
    </h3>
    <p>
      A delicious burger with the following ingredients:
    </p>
    <ul />
    <p>
      <strong>
        Total Price
        : 
        0.00
      </strong>
    </p>
    <p>
      Continue to Checkout?
    </p>
    <button
      className=" "
      onClick={[Function]}
    >
      CANCEL
    </button>
    <button
      className=" "
      onClick={[Function]}
    >
      CONTINUE
    </button>
  </div>,
  <div>
    <div>
      <div />
      <div />
    </div>
    <p>
      Please start adding ingredients.
    </p>
    <div />
  </div>,
  <div>
    <p>
      Price
      : 
      <b>
        USD
         
        0.00
      </b>
    </p>
    <div>
      <div>
        Salad
      </div>
      <button
        onClick={[Function]}
      >
        Less
      </button>
      <button
        onClick={[Function]}
      >
        More
      </button>
    </div>
    <div>
      <div>
        Cheese
      </div>
      <button
        onClick={[Function]}
      >
        Less
      </button>
      <button
        onClick={[Function]}
      >
        More
      </button>
    </div>
    <div>
      <div>
        Meat
      </div>
      <button
        onClick={[Function]}
      >
        Less
      </button>
      <button
        onClick={[Function]}
      >
        More
      </button>
    </div>
    <div>
      <div>
        Bacon
      </div>
      <button
        onClick={[Function]}
      >
        Less
      </button>
      <button
        onClick={[Function]}
      >
        More
      </button>
    </div>
    <button
      disabled={true}
      onClick={[Function]}
    >
      SIGN IN TO ORDER
    </button>
  </div>,
]
`;
